INFO] Scanning for projects...
[INFO] 
[INFO] -----------------------< calculator:calculator >------------------------
[INFO] Building calculator 1.0-SNAPSHOT
[INFO] --------------------------------[ jar ]---------------------------------
[INFO] 
[INFO] --- maven-clean-plugin:2.5:clean (default-clean) @ calculator ---
[INFO] Deleting /home/ands403/Desktop/calculator/target
[INFO] 
[INFO] --- maven-resources-plugin:2.6:resources (default-resources) @ calculator ---
[WARNING] Using platform encoding (UTF-8 actually) to copy filtered resources, i.e. build is platform dependent!
[INFO] Copying 1 resource
[INFO] 
[INFO] --- maven-compiler-plugin:3.1:compile (default-compile) @ calculator ---
[INFO] Changes detected - recompiling the module!
[WARNING] File encoding has not been set, using platform encoding UTF-8, i.e. build is platform dependent!
[INFO] Compiling 1 source file to /home/ands403/Desktop/calculator/target/classes
[INFO] 
[INFO] --- maven-resources-plugin:2.6:resources (default-resources) @ calculator ---
[WARNING] Using platform encoding (UTF-8 actually) to copy filtered resources, i.e. build is platform dependent!
[INFO] Copying 1 resource
[INFO] 
[INFO] --- maven-compiler-plugin:3.1:compile (default-compile) @ calculator ---
[INFO] Nothing to compile - all classes are up to date
[INFO] 
[INFO] --- maven-resources-plugin:2.6:testResources (default-testResources) @ calculator ---
[WARNING] Using platform encoding (UTF-8 actually) to copy filtered resources, i.e. build is platform dependent!
[INFO] skip non existing resourceDirectory /home/ands403/Desktop/calculator/src/test/resources
[INFO] 
[INFO] --- maven-compiler-plugin:3.1:testCompile (default-testCompile) @ calculator ---
[INFO] Changes detected - recompiling the module!
[WARNING] File encoding has not been set, using platform encoding UTF-8, i.e. build is platform dependent!
[INFO] Compiling 1 source file to /home/ands403/Desktop/calculator/target/test-classes
[INFO] 
[INFO] --- maven-surefire-plugin:2.12.4:test (default-test) @ calculator ---
[INFO] Surefire report directory: /home/ands403/Desktop/calculator/target/surefire-reports

-------------------------------------------------------
 T E S T S
-------------------------------------------------------
Running CalculatorTest

The Result is 120

22:11:55.608 [main] INFO  calculator.Main - [FACTORIAL OPERATION] [SUCCESS] 5
22:11:55.611 [main] INFO  calculator.Main - [FACTORIAL OPERATION] [RESULT] 120

The Result is 0.999896315728952

22:11:55.614 [main] INFO  calculator.Main - [LOGARITHM OPERATION] [SUCCESS] 2.718
22:11:55.614 [main] INFO  calculator.Main - [LOGARITHM OPERATION] [RESULT] 0.999896315728952

The Result is 5.0

22:11:55.615 [main] INFO  calculator.Main - [SQUARE_ROOT OPERATION] [SUCCESS] 25.0
22:11:55.615 [main] INFO  calculator.Main - [SQUARE_ROOT OPERATION] [RESULT] 5.0

The Result is 32.0

22:11:55.616 [main] INFO  calculator.Main - [POWER OPERATION] [SUCCESS] 2.0
22:11:55.616 [main] INFO  calculator.Main - [POWER OPERATION] [RESULT] 32.0
Tests run: 4, Failures: 0, Errors: 0, Skipped: 0, Time elapsed: 0.695 sec

Results :

Tests run: 4, Failures: 0, Errors: 0, Skipped: 0

[INFO] 
[INFO] --- maven-jar-plugin:2.4:jar (default-jar) @ calculator ---
[INFO] Building jar: /home/ands403/Desktop/calculator/target/calculator-1.0-SNAPSHOT.jar
[INFO] 
[INFO] --- maven-assembly-plugin:3.3.0:single (default) @ calculator ---
[INFO] Building jar: /home/ands403/Desktop/calculator/target/calculator-1.0-SNAPSHOT-jar-with-dependencies.jar
[INFO] 
[INFO] --- maven-install-plugin:2.4:install (default-install) @ calculator ---
[INFO] Installing /home/ands403/Desktop/calculator/target/calculator-1.0-SNAPSHOT.jar to /home/ands403/.m2/repository/calculator/calculator/1.0-SNAPSHOT/calculator-1.0-SNAPSHOT.jar
[INFO] Installing /home/ands403/Desktop/calculator/pom.xml to /home/ands403/.m2/repository/calculator/calculator/1.0-SNAPSHOT/calculator-1.0-SNAPSHOT.pom
[INFO] Installing /home/ands403/Desktop/calculator/target/calculator-1.0-SNAPSHOT-jar-with-dependencies.jar to /home/ands403/.m2/repository/calculator/calculator/1.0-SNAPSHOT/calculator-1.0-SNAPSHOT-jar-with-dependencies.jar
[INFO] ------------------------------------------------------------------------
[INFO] BUILD SUCCESS
[INFO] ------------------------------------------------------------------------
[INFO] Total time:  8.908 s
[INFO] Finished at: 2023-11-07T22:11:59+05:30
[INFO] ------------------------------------------------------------------------
